crypto_values.h:1959:19:mbedtls_svc_key_id_is_null	16	static
crypto_struct.h:367:36:psa_get_key_id	16	static
crypto_struct.h:395:34:psa_get_key_lifetime	16	static
crypto_struct.h:450:30:psa_get_key_type	16	static
crypto_struct.h:465:22:psa_get_key_bits	16	static
crypto_extra.h:140:20:psa_set_key_slot_number	24	static
psa_crypto_core.h:163:37:psa_key_slot_get_slot_number	16	static
psa_crypto_slot_management.h:180:19:psa_key_lifetime_is_external	16	static
psa_crypto_storage.h:317:20:psa_crypto_prepare_transaction	16	static
psa_crypto_random_impl.h:92:20:mbedtls_psa_drbg_init	16	static
psa_crypto_random_impl.h:105:20:mbedtls_psa_drbg_free	16	static
psa_crypto_random_impl.h:183:19:mbedtls_psa_drbg_seed	32	static
psa_crypto.c:96:19:safer_memcmp	32	static
psa_crypto.c:113:12:key_type_is_raw_bytes	16	static
psa_crypto.c:141:14:mbedtls_to_psa_error	24	static
psa_crypto.c:352:19:psa_key_slot_is_external	16	static
psa_crypto.c:466:21:validate_unstructured_key_bit_size	16	static
psa_crypto.c:529:38:psa_mac_key_can_do	16	static
psa_crypto.c:556:14:psa_allocate_buffer_to_slot	16	static
psa_crypto.c:570:14:psa_copy_key_material_into_slot	32	static
psa_crypto.c:583:14:psa_import_key_into_slot	32	static
psa_crypto.c:655:24:psa_key_policy_algorithm_intersection	48	static
psa_crypto.c:758:12:psa_key_algorithm_permits	32	static
psa_crypto.c:859:21:psa_key_policy_permits	24	static
psa_crypto.c:896:21:psa_restrict_key_policy	32	static
psa_crypto.c:930:21:psa_get_and_lock_key_slot_with_policy	32	static
psa_crypto.c:989:21:psa_get_and_lock_transparent_key_slot_with_policy	32	static
psa_crypto.c:1015:14:psa_remove_key_data_from_memory	16	static
psa_crypto.c:1031:14:psa_wipe_key_slot	24	static
psa_crypto.c:1062:14:psa_destroy_key	40	static
psa_crypto.c:1215:14:psa_get_key_attributes	40	static
psa_crypto.c:1285:14:psa_get_key_slot_number	16	static
psa_crypto.c:1299:21:psa_export_key_buffer_internal	24	static
psa_crypto.c:1314:14:psa_export_key_internal	40	static
psa_crypto.c:1338:14:psa_export_key	104	static
psa_crypto.c:1380:14:psa_export_public_key_internal	40	static
psa_crypto.c:1442:14:psa_export_public_key	104	static
psa_crypto.c:1502:21:psa_validate_key_policy	16	static
psa_crypto.c:1529:21:psa_validate_key_attributes	32	static
psa_crypto.c:1604:21:psa_start_key_creation	56	static
psa_crypto.c:1735:21:psa_finish_key_creation	56	static
psa_crypto.c:1818:13:psa_fail_key_creation	16	static
psa_crypto.c:1855:21:psa_validate_optional_attributes	16	static
psa_crypto.c:1921:14:psa_import_key	56	static
psa_crypto.c:1985:14:mbedtls_psa_register_se_key	32	static
psa_crypto.c:2019:21:psa_copy_key_material	24	static
psa_crypto.c:2034:14:psa_copy_key	104	static
psa_crypto.c:2108:14:psa_hash_abort	24	static
psa_crypto.c:2120:14:psa_hash_setup	16	static
psa_crypto.c:2137:14:psa_hash_update	32	static
psa_crypto.c:2157:14:psa_hash_finish	32	static
psa_crypto.c:2172:14:psa_hash_verify	96	static
psa_crypto.c:2191:14:psa_hash_compute	32	static
psa_crypto.c:2204:14:psa_hash_compare	104	static
psa_crypto.c:2227:14:psa_hash_clone	24	static
psa_crypto.c:2250:15:psa_get_hash_block_size	16	static
psa_crypto.c:2280:21:psa_mac_init	24	static
psa_crypto.c:2321:21:psa_hmac_abort_internal	16	static
psa_crypto.c:2328:14:psa_mac_abort	16	static
psa_crypto.c:2377:21:psa_cmac_setup	24	static
psa_crypto.c:2401:21:psa_hmac_setup_internal	176	static
psa_crypto.c:2466:21:psa_mac_setup	40	static
psa_crypto.c:2572:14:psa_mac_sign_setup	24	static
psa_crypto.c:2579:14:psa_mac_verify_setup	24	static
psa_crypto.c:2586:14:psa_mac_update	32	static
psa_crypto.c:2626:21:psa_hmac_finish_internal	104	static
psa_crypto.c:2665:21:psa_mac_finish_internal	48	static
psa_crypto.c:2704:14:psa_mac_sign_finish	32	static
psa_crypto.c:2745:14:psa_mac_verify_finish	96	static
psa_crypto.c:2792:14:psa_sign_hash_internal	24	static
psa_crypto.c:2850:14:psa_sign_hash	120	static
psa_crypto.c:2908:14:psa_verify_hash_internal	24	static
psa_crypto.c:2965:14:psa_verify_hash	112	static
psa_crypto.c:3007:14:psa_asymmetric_encrypt	40	static
psa_crypto.c:3114:14:psa_asymmetric_decrypt	40	static
psa_crypto.c:3226:21:psa_cipher_setup	104	static
psa_crypto.c:3289:14:psa_cipher_encrypt_setup	24	static
psa_crypto.c:3296:14:psa_cipher_decrypt_setup	24	static
psa_crypto.c:3303:14:psa_cipher_generate_iv	32	static
psa_crypto.c:3348:14:psa_cipher_set_iv	32	static
psa_crypto.c:3374:14:psa_cipher_update	40	static
psa_crypto.c:3404:14:psa_cipher_finish	32	static
psa_crypto.c:3435:14:psa_cipher_abort	16	static
psa_crypto.c:3458:14:psa_aead_encrypt	128	static
psa_crypto.c:3503:14:psa_aead_decrypt	128	static
psa_crypto.c:3563:24:psa_key_derivation_get_kdf_alg	16	static
psa_crypto.c:3572:14:psa_key_derivation_abort	24	static
psa_crypto.c:3626:14:psa_key_derivation_get_capacity	16	static
psa_crypto.c:3639:14:psa_key_derivation_set_capacity	16	static
psa_crypto.c:3653:21:psa_key_derivation_hkdf_read	32	static
psa_crypto.c:3723:21:psa_key_derivation_tls12_prf_generate_next_block	264	static
psa_crypto.c:3831:21:psa_key_derivation_tls12_prf_read	40	static
psa_crypto.c:3872:14:psa_key_derivation_output_bytes	40	static
psa_crypto.c:3948:13:psa_des_set_key_parity	16	static
psa_crypto.c:3959:21:psa_generate_derived_key_internal	112	static
psa_crypto.c:4006:14:psa_key_derivation_output_key	40	static
psa_crypto.c:4054:21:psa_key_derivation_setup_kdf	32	static
psa_crypto.c:4102:14:psa_key_derivation_setup	24	static
psa_crypto.c:4138:21:psa_hkdf_input	32	static
psa_crypto.c:4206:21:psa_tls12_prf_set_seed	24	static
psa_crypto.c:4228:21:psa_tls12_prf_set_key	32	static
psa_crypto.c:4246:21:psa_tls12_prf_set_label	24	static
psa_crypto.c:4268:21:psa_tls12_prf_input	24	static
psa_crypto.c:4290:21:psa_tls12_prf_psk_to_ms_set_key	304	static
psa_crypto.c:4325:21:psa_tls12_prf_psk_to_ms_input	32	static
psa_crypto.c:4351:12:psa_key_derivation_check_input_type	16	static
psa_crypto.c:4376:21:psa_key_derivation_input_internal	40	static
psa_crypto.c:4431:14:psa_key_derivation_input_bytes	32	static
psa_crypto.c:4442:14:psa_key_derivation_input_key	48	static
psa_crypto.c:4537:21:psa_key_agreement_raw_internal	24	static
psa_crypto.c:4582:21:psa_key_agreement_internal	120	static
psa_crypto.c:4616:14:psa_key_derivation_key_agreement	48	static
psa_crypto.c:4650:14:psa_raw_key_agreement	56	static
psa_crypto.c:4704:13:mbedtls_psa_random_init	16	static
psa_crypto.c:4734:13:mbedtls_psa_random_free	16	static
psa_crypto.c:4746:21:mbedtls_psa_random_seed	24	static
psa_crypto.c:4760:14:psa_generate_random	24	static
psa_crypto.c:4861:21:psa_validate_key_type_and_size_for_key_generation	24	static
psa_crypto.c:4902:14:psa_generate_key_internal	32	static
psa_crypto.c:4955:14:psa_generate_key	32	static
psa_crypto.c:5026:14:mbedtls_psa_crypto_configure_entropy_sources	16	static
psa_crypto.c:5038:6:mbedtls_psa_crypto_free	8	static
psa_crypto.c:5063:21:psa_crypto_recover_transaction	16	static
psa_crypto.c:5082:14:psa_crypto_init	16	static
